  Determining projects to restore...
  All projects are up-to-date for restore.
  myjournal -> C:\Users\ACER\Desktop\Application Development Coursework\journal\myjournal\bin\Debug\net9.0-maccatalyst\maccatalyst-x64\myjournal.dll
  myjournal -> C:\Users\ACER\Desktop\Application Development Coursework\journal\myjournal\bin\Debug\net9.0-ios\iossimulator-x64\myjournal.dll
  myjournal -> C:\Users\ACER\Desktop\Application Development Coursework\journal\myjournal\bin\Debug\net9.0-android\myjournal.dll
C:\Users\ACER\Desktop\Application Development Coursework\journal\myjournal\ViewModels\AnalyticsViewModel.cs(20,28): warning MVVMTK0045: The field myjournal.ViewModels.AnalyticsViewModel._tagUsage using [ObservableProperty] will generate code that is not AOT compatible in WinRT scenarios (such as UWP XAML and WinUI 3 apps), and a partial property should be used instead (as it allows the CsWinRT generators to correctly produce the necessary WinRT marshalling code) (https://aka.ms/mvvmtoolkit/errors/mvvmtk0045) [C:\Users\ACER\Desktop\Application Development Coursework\journal\myjournal\myjournal.csproj::TargetFramework=net9.0-windows10.0.19041.0]
C:\Users\ACER\Desktop\Application Development Coursework\journal\myjournal\ViewModels\AnalyticsViewModel.cs(32,17): warning MVVMTK0045: The field myjournal.ViewModels.AnalyticsViewModel._totalWordCount using [ObservableProperty] will generate code that is not AOT compatible in WinRT scenarios (such as UWP XAML and WinUI 3 apps), and a partial property should be used instead (as it allows the CsWinRT generators to correctly produce the necessary WinRT marshalling code) (https://aka.ms/mvvmtoolkit/errors/mvvmtk0045) [C:\Users\ACER\Desktop\Application Development Coursework\journal\myjournal\myjournal.csproj::TargetFramework=net9.0-windows10.0.19041.0]
C:\Users\ACER\Desktop\Application Development Coursework\journal\myjournal\ViewModels\AnalyticsViewModel.cs(26,32): warning MVVMTK0045: The field myjournal.ViewModels.AnalyticsViewModel._monthlyStats using [ObservableProperty] will generate code that is not AOT compatible in WinRT scenarios (such as UWP XAML and WinUI 3 apps), and a partial property should be used instead (as it allows the CsWinRT generators to correctly produce the necessary WinRT marshalling code) (https://aka.ms/mvvmtoolkit/errors/mvvmtk0045) [C:\Users\ACER\Desktop\Application Development Coursework\journal\myjournal\myjournal.csproj::TargetFramework=net9.0-windows10.0.19041.0]
C:\Users\ACER\Desktop\Application Development Coursework\journal\myjournal\ViewModels\AnalyticsViewModel.cs(17,36): warning MVVMTK0045: The field myjournal.ViewModels.AnalyticsViewModel._moodDistribution using [ObservableProperty] will generate code that is not AOT compatible in WinRT scenarios (such as UWP XAML and WinUI 3 apps), and a partial property should be used instead (as it allows the CsWinRT generators to correctly produce the necessary WinRT marshalling code) (https://aka.ms/mvvmtoolkit/errors/mvvmtk0045) [C:\Users\ACER\Desktop\Application Development Coursework\journal\myjournal\myjournal.csproj::TargetFramework=net9.0-windows10.0.19041.0]
C:\Users\ACER\Desktop\Application Development Coursework\journal\myjournal\ViewModels\AnalyticsViewModel.cs(29,24): warning MVVMTK0045: The field myjournal.ViewModels.AnalyticsViewModel._streakInfo using [ObservableProperty] will generate code that is not AOT compatible in WinRT scenarios (such as UWP XAML and WinUI 3 apps), and a partial property should be used instead (as it allows the CsWinRT generators to correctly produce the necessary WinRT marshalling code) (https://aka.ms/mvvmtoolkit/errors/mvvmtk0045) [C:\Users\ACER\Desktop\Application Development Coursework\journal\myjournal\myjournal.csproj::TargetFramework=net9.0-windows10.0.19041.0]
C:\Users\ACER\Desktop\Application Development Coursework\journal\myjournal\ViewModels\AnalyticsViewModel.cs(23,34): warning MVVMTK0045: The field myjournal.ViewModels.AnalyticsViewModel._wordCountTrend using [ObservableProperty] will generate code that is not AOT compatible in WinRT scenarios (such as UWP XAML and WinUI 3 apps), and a partial property should be used instead (as it allows the CsWinRT generators to correctly produce the necessary WinRT marshalling code) (https://aka.ms/mvvmtoolkit/errors/mvvmtk0045) [C:\Users\ACER\Desktop\Application Development Coursework\journal\myjournal\myjournal.csproj::TargetFramework=net9.0-windows10.0.19041.0]
C:\Users\ACER\Desktop\Application Development Coursework\journal\myjournal\ViewModels\AnalyticsViewModel.cs(35,20): warning MVVMTK0045: The field myjournal.ViewModels.AnalyticsViewModel._averageWordCount using [ObservableProperty] will generate code that is not AOT compatible in WinRT scenarios (such as UWP XAML and WinUI 3 apps), and a partial property should be used instead (as it allows the CsWinRT generators to correctly produce the necessary WinRT marshalling code) (https://aka.ms/mvvmtoolkit/errors/mvvmtk0045) [C:\Users\ACER\Desktop\Application Development Coursework\journal\myjournal\myjournal.csproj::TargetFramework=net9.0-windows10.0.19041.0]
C:\Users\ACER\Desktop\Application Development Coursework\journal\myjournal\ViewModels\AnalyticsViewModel.cs(38,23): warning MVVMTK0045: The field myjournal.ViewModels.AnalyticsViewModel._mostFrequentMood using [ObservableProperty] will generate code that is not AOT compatible in WinRT scenarios (such as UWP XAML and WinUI 3 apps), and a partial property should be used instead (as it allows the CsWinRT generators to correctly produce the necessary WinRT marshalling code) (https://aka.ms/mvvmtoolkit/errors/mvvmtk0045) [C:\Users\ACER\Desktop\Application Development Coursework\journal\myjournal\myjournal.csproj::TargetFramework=net9.0-windows10.0.19041.0]
C:\Users\ACER\Desktop\Application Development Coursework\journal\myjournal\ViewModels\BaseViewModel.cs(17,21): warning MVVMTK0045: The field myjournal.ViewModels.BaseViewModel._errorMessage using [ObservableProperty] will generate code that is not AOT compatible in WinRT scenarios (such as UWP XAML and WinUI 3 apps), and a partial property should be used instead (as it allows the CsWinRT generators to correctly produce the necessary WinRT marshalling code) (https://aka.ms/mvvmtoolkit/errors/mvvmtk0045) [C:\Users\ACER\Desktop\Application Development Coursework\journal\myjournal\myjournal.csproj::TargetFramework=net9.0-windows10.0.19041.0]
C:\Users\ACER\Desktop\Application Development Coursework\journal\myjournal\ViewModels\BaseViewModel.cs(20,18): warning MVVMTK0045: The field myjournal.ViewModels.BaseViewModel._hasError using [ObservableProperty] will generate code that is not AOT compatible in WinRT scenarios (such as UWP XAML and WinUI 3 apps), and a partial property should be used instead (as it allows the CsWinRT generators to correctly produce the necessary WinRT marshalling code) (https://aka.ms/mvvmtoolkit/errors/mvvmtk0045) [C:\Users\ACER\Desktop\Application Development Coursework\journal\myjournal\myjournal.csproj::TargetFramework=net9.0-windows10.0.19041.0]
C:\Users\ACER\Desktop\Application Development Coursework\journal\myjournal\ViewModels\BaseViewModel.cs(11,18): warning MVVMTK0045: The field myjournal.ViewModels.BaseViewModel._isBusy using [ObservableProperty] will generate code that is not AOT compatible in WinRT scenarios (such as UWP XAML and WinUI 3 apps), and a partial property should be used instead (as it allows the CsWinRT generators to correctly produce the necessary WinRT marshalling code) (https://aka.ms/mvvmtoolkit/errors/mvvmtk0045) [C:\Users\ACER\Desktop\Application Development Coursework\journal\myjournal\myjournal.csproj::TargetFramework=net9.0-windows10.0.19041.0]
C:\Users\ACER\Desktop\Application Development Coursework\journal\myjournal\ViewModels\BaseViewModel.cs(14,20): warning MVVMTK0045: The field myjournal.ViewModels.BaseViewModel._title using [ObservableProperty] will generate code that is not AOT compatible in WinRT scenarios (such as UWP XAML and WinUI 3 apps), and a partial property should be used instead (as it allows the CsWinRT generators to correctly produce the necessary WinRT marshalling code) (https://aka.ms/mvvmtoolkit/errors/mvvmtk0045) [C:\Users\ACER\Desktop\Application Development Coursework\journal\myjournal\myjournal.csproj::TargetFramework=net9.0-windows10.0.19041.0]
C:\Users\ACER\Desktop\Application Development Coursework\journal\myjournal\ViewModels\LoginViewModel.cs(15,20): warning MVVMTK0045: The field myjournal.ViewModels.LoginViewModel._pin using [ObservableProperty] will generate code that is not AOT compatible in WinRT scenarios (such as UWP XAML and WinUI 3 apps), and a partial property should be used instead (as it allows the CsWinRT generators to correctly produce the necessary WinRT marshalling code) (https://aka.ms/mvvmtoolkit/errors/mvvmtk0045) [C:\Users\ACER\Desktop\Application Development Coursework\journal\myjournal\myjournal.csproj::TargetFramework=net9.0-windows10.0.19041.0]
C:\Users\ACER\Desktop\Application Development Coursework\journal\myjournal\ViewModels\LoginViewModel.cs(21,18): warning MVVMTK0045: The field myjournal.ViewModels.LoginViewModel._isPinRequired using [ObservableProperty] will generate code that is not AOT compatible in WinRT scenarios (such as UWP XAML and WinUI 3 apps), and a partial property should be used instead (as it allows the CsWinRT generators to correctly produce the necessary WinRT marshalling code) (https://aka.ms/mvvmtoolkit/errors/mvvmtk0045) [C:\Users\ACER\Desktop\Application Development Coursework\journal\myjournal\myjournal.csproj::TargetFramework=net9.0-windows10.0.19041.0]
C:\Users\ACER\Desktop\Application Development Coursework\journal\myjournal\ViewModels\LoginViewModel.cs(18,18): warning MVVMTK0045: The field myjournal.ViewModels.LoginViewModel._isAuthenticated using [ObservableProperty] will generate code that is not AOT compatible in WinRT scenarios (such as UWP XAML and WinUI 3 apps), and a partial property should be used instead (as it allows the CsWinRT generators to correctly produce the necessary WinRT marshalling code) (https://aka.ms/mvvmtoolkit/errors/mvvmtk0045) [C:\Users\ACER\Desktop\Application Development Coursework\journal\myjournal\myjournal.csproj::TargetFramework=net9.0-windows10.0.19041.0]
C:\Users\ACER\Desktop\Application Development Coursework\journal\myjournal\ViewModels\DashboardViewModel.cs(18,24): warning MVVMTK0045: The field myjournal.ViewModels.DashboardViewModel._streakInfo using [ObservableProperty] will generate code that is not AOT compatible in WinRT scenarios (such as UWP XAML and WinUI 3 apps), and a partial property should be used instead (as it allows the CsWinRT generators to correctly produce the necessary WinRT marshalling code) (https://aka.ms/mvvmtoolkit/errors/mvvmtk0045) [C:\Users\ACER\Desktop\Application Development Coursework\journal\myjournal\myjournal.csproj::TargetFramework=net9.0-windows10.0.19041.0]
C:\Users\ACER\Desktop\Application Development Coursework\journal\myjournal\ViewModels\DashboardViewModel.cs(30,17): warning MVVMTK0045: The field myjournal.ViewModels.DashboardViewModel._totalEntries using [ObservableProperty] will generate code that is not AOT compatible in WinRT scenarios (such as UWP XAML and WinUI 3 apps), and a partial property should be used instead (as it allows the CsWinRT generators to correctly produce the necessary WinRT marshalling code) (https://aka.ms/mvvmtoolkit/errors/mvvmtk0045) [C:\Users\ACER\Desktop\Application Development Coursework\journal\myjournal\myjournal.csproj::TargetFramework=net9.0-windows10.0.19041.0]
C:\Users\ACER\Desktop\Application Development Coursework\journal\myjournal\ViewModels\DashboardViewModel.cs(21,32): warning MVVMTK0045: The field myjournal.ViewModels.DashboardViewModel._recentEntries using [ObservableProperty] will generate code that is not AOT compatible in WinRT scenarios (such as UWP XAML and WinUI 3 apps), and a partial property should be used instead (as it allows the CsWinRT generators to correctly produce the necessary WinRT marshalling code) (https://aka.ms/mvvmtoolkit/errors/mvvmtk0045) [C:\Users\ACER\Desktop\Application Development Coursework\journal\myjournal\myjournal.csproj::TargetFramework=net9.0-windows10.0.19041.0]
C:\Users\ACER\Desktop\Application Development Coursework\journal\myjournal\ViewModels\DashboardViewModel.cs(24,27): warning MVVMTK0045: The field myjournal.ViewModels.DashboardViewModel._todayEntry using [ObservableProperty] will generate code that is not AOT compatible in WinRT scenarios (such as UWP XAML and WinUI 3 apps), and a partial property should be used instead (as it allows the CsWinRT generators to correctly produce the necessary WinRT marshalling code) (https://aka.ms/mvvmtoolkit/errors/mvvmtk0045) [C:\Users\ACER\Desktop\Application Development Coursework\journal\myjournal\myjournal.csproj::TargetFramework=net9.0-windows10.0.19041.0]
C:\Users\ACER\Desktop\Application Development Coursework\journal\myjournal\ViewModels\DashboardViewModel.cs(33,17): warning MVVMTK0045: The field myjournal.ViewModels.DashboardViewModel._totalWords using [ObservableProperty] will generate code that is not AOT compatible in WinRT scenarios (such as UWP XAML and WinUI 3 apps), and a partial property should be used instead (as it allows the CsWinRT generators to correctly produce the necessary WinRT marshalling code) (https://aka.ms/mvvmtoolkit/errors/mvvmtk0045) [C:\Users\ACER\Desktop\Application Development Coursework\journal\myjournal\myjournal.csproj::TargetFramework=net9.0-windows10.0.19041.0]
C:\Users\ACER\Desktop\Application Development Coursework\journal\myjournal\ViewModels\DashboardViewModel.cs(27,36): warning MVVMTK0045: The field myjournal.ViewModels.DashboardViewModel._moodDistribution using [ObservableProperty] will generate code that is not AOT compatible in WinRT scenarios (such as UWP XAML and WinUI 3 apps), and a partial property should be used instead (as it allows the CsWinRT generators to correctly produce the necessary WinRT marshalling code) (https://aka.ms/mvvmtoolkit/errors/mvvmtk0045) [C:\Users\ACER\Desktop\Application Development Coursework\journal\myjournal\myjournal.csproj::TargetFramework=net9.0-windows10.0.19041.0]
C:\Users\ACER\Desktop\Application Development Coursework\journal\myjournal\ViewModels\DashboardViewModel.cs(36,23): warning MVVMTK0045: The field myjournal.ViewModels.DashboardViewModel._mostFrequentMood using [ObservableProperty] will generate code that is not AOT compatible in WinRT scenarios (such as UWP XAML and WinUI 3 apps), and a partial property should be used instead (as it allows the CsWinRT generators to correctly produce the necessary WinRT marshalling code) (https://aka.ms/mvvmtoolkit/errors/mvvmtk0045) [C:\Users\ACER\Desktop\Application Development Coursework\journal\myjournal\myjournal.csproj::TargetFramework=net9.0-windows10.0.19041.0]
C:\Users\ACER\Desktop\Application Development Coursework\journal\myjournal\ViewModels\CalendarViewModel.cs(16,17): warning MVVMTK0045: The field myjournal.ViewModels.CalendarViewModel._currentYear using [ObservableProperty] will generate code that is not AOT compatible in WinRT scenarios (such as UWP XAML and WinUI 3 apps), and a partial property should be used instead (as it allows the CsWinRT generators to correctly produce the necessary WinRT marshalling code) (https://aka.ms/mvvmtoolkit/errors/mvvmtk0045) [C:\Users\ACER\Desktop\Application Development Coursework\journal\myjournal\myjournal.csproj::TargetFramework=net9.0-windows10.0.19041.0]
C:\Users\ACER\Desktop\Application Development Coursework\journal\myjournal\ViewModels\CalendarViewModel.cs(19,17): warning MVVMTK0045: The field myjournal.ViewModels.CalendarViewModel._currentMonth using [ObservableProperty] will generate code that is not AOT compatible in WinRT scenarios (such as UWP XAML and WinUI 3 apps), and a partial property should be used instead (as it allows the CsWinRT generators to correctly produce the necessary WinRT marshalling code) (https://aka.ms/mvvmtoolkit/errors/mvvmtk0045) [C:\Users\ACER\Desktop\Application Development Coursework\journal\myjournal\myjournal.csproj::TargetFramework=net9.0-windows10.0.19041.0]
C:\Users\ACER\Desktop\Application Development Coursework\journal\myjournal\ViewModels\CalendarViewModel.cs(22,20): warning MVVMTK0045: The field myjournal.ViewModels.CalendarViewModel._monthYearDisplay using [ObservableProperty] will generate code that is not AOT compatible in WinRT scenarios (such as UWP XAML and WinUI 3 apps), and a partial property should be used instead (as it allows the CsWinRT generators to correctly produce the necessary WinRT marshalling code) (https://aka.ms/mvvmtoolkit/errors/mvvmtk0045) [C:\Users\ACER\Desktop\Application Development Coursework\journal\myjournal\myjournal.csproj::TargetFramework=net9.0-windows10.0.19041.0]
C:\Users\ACER\Desktop\Application Development Coursework\journal\myjournal\ViewModels\CalendarViewModel.cs(28,27): warning MVVMTK0045: The field myjournal.ViewModels.CalendarViewModel._selectedEntry using [ObservableProperty] will generate code that is not AOT compatible in WinRT scenarios (such as UWP XAML and WinUI 3 apps), and a partial property should be used instead (as it allows the CsWinRT generators to correctly produce the necessary WinRT marshalling code) (https://aka.ms/mvvmtoolkit/errors/mvvmtk0045) [C:\Users\ACER\Desktop\Application Development Coursework\journal\myjournal\myjournal.csproj::TargetFramework=net9.0-windows10.0.19041.0]
C:\Users\ACER\Desktop\Application Development Coursework\journal\myjournal\ViewModels\CalendarViewModel.cs(25,31): warning MVVMTK0045: The field myjournal.ViewModels.CalendarViewModel._calendarDays using [ObservableProperty] will generate code that is not AOT compatible in WinRT scenarios (such as UWP XAML and WinUI 3 apps), and a partial property should be used instead (as it allows the CsWinRT generators to correctly produce the necessary WinRT marshalling code) (https://aka.ms/mvvmtoolkit/errors/mvvmtk0045) [C:\Users\ACER\Desktop\Application Development Coursework\journal\myjournal\myjournal.csproj::TargetFramework=net9.0-windows10.0.19041.0]
C:\Users\ACER\Desktop\Application Development Coursework\journal\myjournal\ViewModels\CalendarViewModel.cs(31,23): warning MVVMTK0045: The field myjournal.ViewModels.CalendarViewModel._selectedDate using [ObservableProperty] will generate code that is not AOT compatible in WinRT scenarios (such as UWP XAML and WinUI 3 apps), and a partial property should be used instead (as it allows the CsWinRT generators to correctly produce the necessary WinRT marshalling code) (https://aka.ms/mvvmtoolkit/errors/mvvmtk0045) [C:\Users\ACER\Desktop\Application Development Coursework\journal\myjournal\myjournal.csproj::TargetFramework=net9.0-windows10.0.19041.0]
C:\Users\ACER\Desktop\Application Development Coursework\journal\myjournal\ViewModels\EntryViewModel.cs(17,26): warning MVVMTK0045: The field myjournal.ViewModels.EntryViewModel._entry using [ObservableProperty] will generate code that is not AOT compatible in WinRT scenarios (such as UWP XAML and WinUI 3 apps), and a partial property should be used instead (as it allows the CsWinRT generators to correctly produce the necessary WinRT marshalling code) (https://aka.ms/mvvmtoolkit/errors/mvvmtk0045) [C:\Users\ACER\Desktop\Application Development Coursework\journal\myjournal\myjournal.csproj::TargetFramework=net9.0-windows10.0.19041.0]
C:\Users\ACER\Desktop\Application Development Coursework\journal\myjournal\ViewModels\EntryViewModel.cs(23,20): warning MVVMTK0045: The field myjournal.ViewModels.EntryViewModel._content using [ObservableProperty] will generate code that is not AOT compatible in WinRT scenarios (such as UWP XAML and WinUI 3 apps), and a partial property should be used instead (as it allows the CsWinRT generators to correctly produce the necessary WinRT marshalling code) (https://aka.ms/mvvmtoolkit/errors/mvvmtk0045) [C:\Users\ACER\Desktop\Application Development Coursework\journal\myjournal\myjournal.csproj::TargetFramework=net9.0-windows10.0.19041.0]
C:\Users\ACER\Desktop\Application Development Coursework\journal\myjournal\ViewModels\EntryViewModel.cs(50,20): warning MVVMTK0045: The field myjournal.ViewModels.EntryViewModel._markdownPreview using [ObservableProperty] will generate code that is not AOT compatible in WinRT scenarios (such as UWP XAML and WinUI 3 apps), and a partial property should be used instead (as it allows the CsWinRT generators to correctly produce the necessary WinRT marshalling code) (https://aka.ms/mvvmtoolkit/errors/mvvmtk0045) [C:\Users\ACER\Desktop\Application Development Coursework\journal\myjournal\myjournal.csproj::TargetFramework=net9.0-windows10.0.19041.0]
C:\Users\ACER\Desktop\Application Development Coursework\journal\myjournal\ViewModels\EntryViewModel.cs(26,22): warning MVVMTK0045: The field myjournal.ViewModels.EntryViewModel._entryDate using [ObservableProperty] will generate code that is not AOT compatible in WinRT scenarios (such as UWP XAML and WinUI 3 apps), and a partial property should be used instead (as it allows the CsWinRT generators to correctly produce the necessary WinRT marshalling code) (https://aka.ms/mvvmtoolkit/errors/mvvmtk0045) [C:\Users\ACER\Desktop\Application Development Coursework\journal\myjournal\myjournal.csproj::TargetFramework=net9.0-windows10.0.19041.0]
C:\Users\ACER\Desktop\Application Development Coursework\journal\myjournal\ViewModels\EntryViewModel.cs(20,20): warning MVVMTK0045: The field myjournal.ViewModels.EntryViewModel._title using [ObservableProperty] will generate code that is not AOT compatible in WinRT scenarios (such as UWP XAML and WinUI 3 apps), and a partial property should be used instead (as it allows the CsWinRT generators to correctly produce the necessary WinRT marshalling code) (https://aka.ms/mvvmtoolkit/errors/mvvmtk0045) [C:\Users\ACER\Desktop\Application Development Coursework\journal\myjournal\myjournal.csproj::TargetFramework=net9.0-windows10.0.19041.0]
C:\Users\ACER\Desktop\Application Development Coursework\journal\myjournal\ViewModels\EntryViewModel.cs(29,22): warning MVVMTK0045: The field myjournal.ViewModels.EntryViewModel._primaryMood using [ObservableProperty] will generate code that is not AOT compatible in WinRT scenarios (such as UWP XAML and WinUI 3 apps), and a partial property should be used instead (as it allows the CsWinRT generators to correctly produce the necessary WinRT marshalling code) (https://aka.ms/mvvmtoolkit/errors/mvvmtk0045) [C:\Users\ACER\Desktop\Application Development Coursework\journal\myjournal\myjournal.csproj::TargetFramework=net9.0-windows10.0.19041.0]
C:\Users\ACER\Desktop\Application Development Coursework\journal\myjournal\ViewModels\EntryViewModel.cs(41,23): warning MVVMTK0045: The field myjournal.ViewModels.EntryViewModel._selectedTags using [ObservableProperty] will generate code that is not AOT compatible in WinRT scenarios (such as UWP XAML and WinUI 3 apps), and a partial property should be used instead (as it allows the CsWinRT generators to correctly produce the necessary WinRT marshalling code) (https://aka.ms/mvvmtoolkit/errors/mvvmtk0045) [C:\Users\ACER\Desktop\Application Development Coursework\journal\myjournal\myjournal.csproj::TargetFramework=net9.0-windows10.0.19041.0]
C:\Users\ACER\Desktop\Application Development Coursework\journal\myjournal\ViewModels\EntryViewModel.cs(35,23): warning MVVMTK0045: The field myjournal.ViewModels.EntryViewModel._secondaryMood2 using [ObservableProperty] will generate code that is not AOT compatible in WinRT scenarios (such as UWP XAML and WinUI 3 apps), and a partial property should be used instead (as it allows the CsWinRT generators to correctly produce the necessary WinRT marshalling code) (https://aka.ms/mvvmtoolkit/errors/mvvmtk0045) [C:\Users\ACER\Desktop\Application Development Coursework\journal\myjournal\myjournal.csproj::TargetFramework=net9.0-windows10.0.19041.0]
C:\Users\ACER\Desktop\Application Development Coursework\journal\myjournal\ViewModels\EntryViewModel.cs(32,23): warning MVVMTK0045: The field myjournal.ViewModels.EntryViewModel._secondaryMood1 using [ObservableProperty] will generate code that is not AOT compatible in WinRT scenarios (such as UWP XAML and WinUI 3 apps), and a partial property should be used instead (as it allows the CsWinRT generators to correctly produce the necessary WinRT marshalling code) (https://aka.ms/mvvmtoolkit/errors/mvvmtk0045) [C:\Users\ACER\Desktop\Application Development Coursework\journal\myjournal\myjournal.csproj::TargetFramework=net9.0-windows10.0.19041.0]
C:\Users\ACER\Desktop\Application Development Coursework\journal\myjournal\ViewModels\EntryViewModel.cs(38,23): warning MVVMTK0045: The field myjournal.ViewModels.EntryViewModel._availableTags using [ObservableProperty] will generate code that is not AOT compatible in WinRT scenarios (such as UWP XAML and WinUI 3 apps), and a partial property should be used instead (as it allows the CsWinRT generators to correctly produce the necessary WinRT marshalling code) (https://aka.ms/mvvmtoolkit/errors/mvvmtk0045) [C:\Users\ACER\Desktop\Application Development Coursework\journal\myjournal\myjournal.csproj::TargetFramework=net9.0-windows10.0.19041.0]
C:\Users\ACER\Desktop\Application Development Coursework\journal\myjournal\ViewModels\EntryViewModel.cs(44,18): warning MVVMTK0045: The field myjournal.ViewModels.EntryViewModel._isEditing using [ObservableProperty] will generate code that is not AOT compatible in WinRT scenarios (such as UWP XAML and WinUI 3 apps), and a partial property should be used instead (as it allows the CsWinRT generators to correctly produce the necessary WinRT marshalling code) (https://aka.ms/mvvmtoolkit/errors/mvvmtk0045) [C:\Users\ACER\Desktop\Application Development Coursework\journal\myjournal\myjournal.csproj::TargetFramework=net9.0-windows10.0.19041.0]
C:\Users\ACER\Desktop\Application Development Coursework\journal\myjournal\ViewModels\EntryViewModel.cs(47,18): warning MVVMTK0045: The field myjournal.ViewModels.EntryViewModel._isSaved using [ObservableProperty] will generate code that is not AOT compatible in WinRT scenarios (such as UWP XAML and WinUI 3 apps), and a partial property should be used instead (as it allows the CsWinRT generators to correctly produce the necessary WinRT marshalling code) (https://aka.ms/mvvmtoolkit/errors/mvvmtk0045) [C:\Users\ACER\Desktop\Application Development Coursework\journal\myjournal\myjournal.csproj::TargetFramework=net9.0-windows10.0.19041.0]
C:\Users\ACER\Desktop\Application Development Coursework\journal\myjournal\ViewModels\JournalListViewModel.cs(20,17): warning MVVMTK0045: The field myjournal.ViewModels.JournalListViewModel._currentPage using [ObservableProperty] will generate code that is not AOT compatible in WinRT scenarios (such as UWP XAML and WinUI 3 apps), and a partial property should be used instead (as it allows the CsWinRT generators to correctly produce the necessary WinRT marshalling code) (https://aka.ms/mvvmtoolkit/errors/mvvmtk0045) [C:\Users\ACER\Desktop\Application Development Coursework\journal\myjournal\myjournal.csproj::TargetFramework=net9.0-windows10.0.19041.0]
C:\Users\ACER\Desktop\Application Development Coursework\journal\myjournal\ViewModels\JournalListViewModel.cs(17,32): warning MVVMTK0045: The field myjournal.ViewModels.JournalListViewModel._entries using [ObservableProperty] will generate code that is not AOT compatible in WinRT scenarios (such as UWP XAML and WinUI 3 apps), and a partial property should be used instead (as it allows the CsWinRT generators to correctly produce the necessary WinRT marshalling code) (https://aka.ms/mvvmtoolkit/errors/mvvmtk0045) [C:\Users\ACER\Desktop\Application Development Coursework\journal\myjournal\myjournal.csproj::TargetFramework=net9.0-windows10.0.19041.0]
C:\Users\ACER\Desktop\Application Development Coursework\journal\myjournal\ViewModels\JournalListViewModel.cs(26,17): warning MVVMTK0045: The field myjournal.ViewModels.JournalListViewModel._totalEntries using [ObservableProperty] will generate code that is not AOT compatible in WinRT scenarios (such as UWP XAML and WinUI 3 apps), and a partial property should be used instead (as it allows the CsWinRT generators to correctly produce the necessary WinRT marshalling code) (https://aka.ms/mvvmtoolkit/errors/mvvmtk0045) [C:\Users\ACER\Desktop\Application Development Coursework\journal\myjournal\myjournal.csproj::TargetFramework=net9.0-windows10.0.19041.0]
C:\Users\ACER\Desktop\Application Development Coursework\journal\myjournal\ViewModels\JournalListViewModel.cs(23,17): warning MVVMTK0045: The field myjournal.ViewModels.JournalListViewModel._totalPages using [ObservableProperty] will generate code that is not AOT compatible in WinRT scenarios (such as UWP XAML and WinUI 3 apps), and a partial property should be used instead (as it allows the CsWinRT generators to correctly produce the necessary WinRT marshalling code) (https://aka.ms/mvvmtoolkit/errors/mvvmtk0045) [C:\Users\ACER\Desktop\Application Development Coursework\journal\myjournal\myjournal.csproj::TargetFramework=net9.0-windows10.0.19041.0]
C:\Users\ACER\Desktop\Application Development Coursework\journal\myjournal\ViewModels\JournalListViewModel.cs(32,20): warning MVVMTK0045: The field myjournal.ViewModels.JournalListViewModel._searchTerm using [ObservableProperty] will generate code that is not AOT compatible in WinRT scenarios (such as UWP XAML and WinUI 3 apps), and a partial property should be used instead (as it allows the CsWinRT generators to correctly produce the necessary WinRT marshalling code) (https://aka.ms/mvvmtoolkit/errors/mvvmtk0045) [C:\Users\ACER\Desktop\Application Development Coursework\journal\myjournal\myjournal.csproj::TargetFramework=net9.0-windows10.0.19041.0]
C:\Users\ACER\Desktop\Application Development Coursework\journal\myjournal\ViewModels\JournalListViewModel.cs(38,18): warning MVVMTK0045: The field myjournal.ViewModels.JournalListViewModel._filterTagId using [ObservableProperty] will generate code that is not AOT compatible in WinRT scenarios (such as UWP XAML and WinUI 3 apps), and a partial property should be used instead (as it allows the CsWinRT generators to correctly produce the necessary WinRT marshalling code) (https://aka.ms/mvvmtoolkit/errors/mvvmtk0045) [C:\Users\ACER\Desktop\Application Development Coursework\journal\myjournal\myjournal.csproj::TargetFramework=net9.0-windows10.0.19041.0]
C:\Users\ACER\Desktop\Application Development Coursework\journal\myjournal\ViewModels\JournalListViewModel.cs(41,23): warning MVVMTK0045: The field myjournal.ViewModels.JournalListViewModel._filterStartDate using [ObservableProperty] will generate code that is not AOT compatible in WinRT scenarios (such as UWP XAML and WinUI 3 apps), and a partial property should be used instead (as it allows the CsWinRT generators to correctly produce the necessary WinRT marshalling code) (https://aka.ms/mvvmtoolkit/errors/mvvmtk0045) [C:\Users\ACER\Desktop\Application Development Coursework\journal\myjournal\myjournal.csproj::TargetFramework=net9.0-windows10.0.19041.0]
C:\Users\ACER\Desktop\Application Development Coursework\journal\myjournal\ViewModels\JournalListViewModel.cs(35,23): warning MVVMTK0045: The field myjournal.ViewModels.JournalListViewModel._filterMood using [ObservableProperty] will generate code that is not AOT compatible in WinRT scenarios (such as UWP XAML and WinUI 3 apps), and a partial property should be used instead (as it allows the CsWinRT generators to correctly produce the necessary WinRT marshalling code) (https://aka.ms/mvvmtoolkit/errors/mvvmtk0045) [C:\Users\ACER\Desktop\Application Development Coursework\journal\myjournal\myjournal.csproj::TargetFramework=net9.0-windows10.0.19041.0]
C:\Users\ACER\Desktop\Application Development Coursework\journal\myjournal\ViewModels\JournalListViewModel.cs(29,17): warning MVVMTK0045: The field myjournal.ViewModels.JournalListViewModel._pageSize using [ObservableProperty] will generate code that is not AOT compatible in WinRT scenarios (such as UWP XAML and WinUI 3 apps), and a partial property should be used instead (as it allows the CsWinRT generators to correctly produce the necessary WinRT marshalling code) (https://aka.ms/mvvmtoolkit/errors/mvvmtk0045) [C:\Users\ACER\Desktop\Application Development Coursework\journal\myjournal\myjournal.csproj::TargetFramework=net9.0-windows10.0.19041.0]
C:\Users\ACER\Desktop\Application Development Coursework\journal\myjournal\ViewModels\JournalListViewModel.cs(47,23): warning MVVMTK0045: The field myjournal.ViewModels.JournalListViewModel._availableTags using [ObservableProperty] will generate code that is not AOT compatible in WinRT scenarios (such as UWP XAML and WinUI 3 apps), and a partial property should be used instead (as it allows the CsWinRT generators to correctly produce the necessary WinRT marshalling code) (https://aka.ms/mvvmtoolkit/errors/mvvmtk0045) [C:\Users\ACER\Desktop\Application Development Coursework\journal\myjournal\myjournal.csproj::TargetFramework=net9.0-windows10.0.19041.0]
C:\Users\ACER\Desktop\Application Development Coursework\journal\myjournal\ViewModels\JournalListViewModel.cs(44,23): warning MVVMTK0045: The field myjournal.ViewModels.JournalListViewModel._filterEndDate using [ObservableProperty] will generate code that is not AOT compatible in WinRT scenarios (such as UWP XAML and WinUI 3 apps), and a partial property should be used instead (as it allows the CsWinRT generators to correctly produce the necessary WinRT marshalling code) (https://aka.ms/mvvmtoolkit/errors/mvvmtk0045) [C:\Users\ACER\Desktop\Application Development Coursework\journal\myjournal\myjournal.csproj::TargetFramework=net9.0-windows10.0.19041.0]
C:\Users\ACER\Desktop\Application Development Coursework\journal\myjournal\ViewModels\JournalListViewModel.cs(50,18): warning MVVMTK0045: The field myjournal.ViewModels.JournalListViewModel._hasFilters using [ObservableProperty] will generate code that is not AOT compatible in WinRT scenarios (such as UWP XAML and WinUI 3 apps), and a partial property should be used instead (as it allows the CsWinRT generators to correctly produce the necessary WinRT marshalling code) (https://aka.ms/mvvmtoolkit/errors/mvvmtk0045) [C:\Users\ACER\Desktop\Application Development Coursework\journal\myjournal\myjournal.csproj::TargetFramework=net9.0-windows10.0.19041.0]
C:\Users\ACER\Desktop\Application Development Coursework\journal\myjournal\ViewModels\SettingsViewModel.cs(16,20): warning MVVMTK0045: The field myjournal.ViewModels.SettingsViewModel._currentTheme using [ObservableProperty] will generate code that is not AOT compatible in WinRT scenarios (such as UWP XAML and WinUI 3 apps), and a partial property should be used instead (as it allows the CsWinRT generators to correctly produce the necessary WinRT marshalling code) (https://aka.ms/mvvmtoolkit/errors/mvvmtk0045) [C:\Users\ACER\Desktop\Application Development Coursework\journal\myjournal\myjournal.csproj::TargetFramework=net9.0-windows10.0.19041.0]
C:\Users\ACER\Desktop\Application Development Coursework\journal\myjournal\ViewModels\SettingsViewModel.cs(19,18): warning MVVMTK0045: The field myjournal.ViewModels.SettingsViewModel._isPinEnabled using [ObservableProperty] will generate code that is not AOT compatible in WinRT scenarios (such as UWP XAML and WinUI 3 apps), and a partial property should be used instead (as it allows the CsWinRT generators to correctly produce the necessary WinRT marshalling code) (https://aka.ms/mvvmtoolkit/errors/mvvmtk0045) [C:\Users\ACER\Desktop\Application Development Coursework\journal\myjournal\myjournal.csproj::TargetFramework=net9.0-windows10.0.19041.0]
C:\Users\ACER\Desktop\Application Development Coursework\journal\myjournal\ViewModels\SettingsViewModel.cs(25,20): warning MVVMTK0045: The field myjournal.ViewModels.SettingsViewModel._confirmPin using [ObservableProperty] will generate code that is not AOT compatible in WinRT scenarios (such as UWP XAML and WinUI 3 apps), and a partial property should be used instead (as it allows the CsWinRT generators to correctly produce the necessary WinRT marshalling code) (https://aka.ms/mvvmtoolkit/errors/mvvmtk0045) [C:\Users\ACER\Desktop\Application Development Coursework\journal\myjournal\myjournal.csproj::TargetFramework=net9.0-windows10.0.19041.0]
C:\Users\ACER\Desktop\Application Development Coursework\journal\myjournal\ViewModels\SettingsViewModel.cs(22,20): warning MVVMTK0045: The field myjournal.ViewModels.SettingsViewModel._newPin using [ObservableProperty] will generate code that is not AOT compatible in WinRT scenarios (such as UWP XAML and WinUI 3 apps), and a partial property should be used instead (as it allows the CsWinRT generators to correctly produce the necessary WinRT marshalling code) (https://aka.ms/mvvmtoolkit/errors/mvvmtk0045) [C:\Users\ACER\Desktop\Application Development Coursework\journal\myjournal\myjournal.csproj::TargetFramework=net9.0-windows10.0.19041.0]
C:\Users\ACER\Desktop\Application Development Coursework\journal\myjournal\ViewModels\SettingsViewModel.cs(28,18): warning MVVMTK0045: The field myjournal.ViewModels.SettingsViewModel._isChangingPin using [ObservableProperty] will generate code that is not AOT compatible in WinRT scenarios (such as UWP XAML and WinUI 3 apps), and a partial property should be used instead (as it allows the CsWinRT generators to correctly produce the necessary WinRT marshalling code) (https://aka.ms/mvvmtoolkit/errors/mvvmtk0045) [C:\Users\ACER\Desktop\Application Development Coursework\journal\myjournal\myjournal.csproj::TargetFramework=net9.0-windows10.0.19041.0]
C:\Users\ACER\Desktop\Application Development Coursework\journal\myjournal\ViewModels\SettingsViewModel.cs(31,20): warning MVVMTK0045: The field myjournal.ViewModels.SettingsViewModel._successMessage using [ObservableProperty] will generate code that is not AOT compatible in WinRT scenarios (such as UWP XAML and WinUI 3 apps), and a partial property should be used instead (as it allows the CsWinRT generators to correctly produce the necessary WinRT marshalling code) (https://aka.ms/mvvmtoolkit/errors/mvvmtk0045) [C:\Users\ACER\Desktop\Application Development Coursework\journal\myjournal\myjournal.csproj::TargetFramework=net9.0-windows10.0.19041.0]
C:\Users\ACER\Desktop\Application Development Coursework\journal\myjournal\ViewModels\ExportViewModel.cs(17,22): warning MVVMTK0045: The field myjournal.ViewModels.ExportViewModel._startDate using [ObservableProperty] will generate code that is not AOT compatible in WinRT scenarios (such as UWP XAML and WinUI 3 apps), and a partial property should be used instead (as it allows the CsWinRT generators to correctly produce the necessary WinRT marshalling code) (https://aka.ms/mvvmtoolkit/errors/mvvmtk0045) [C:\Users\ACER\Desktop\Application Development Coursework\journal\myjournal\myjournal.csproj::TargetFramework=net9.0-windows10.0.19041.0]
C:\Users\ACER\Desktop\Application Development Coursework\journal\myjournal\ViewModels\ExportViewModel.cs(23,32): warning MVVMTK0045: The field myjournal.ViewModels.ExportViewModel._previewEntries using [ObservableProperty] will generate code that is not AOT compatible in WinRT scenarios (such as UWP XAML and WinUI 3 apps), and a partial property should be used instead (as it allows the CsWinRT generators to correctly produce the necessary WinRT marshalling code) (https://aka.ms/mvvmtoolkit/errors/mvvmtk0045) [C:\Users\ACER\Desktop\Application Development Coursework\journal\myjournal\myjournal.csproj::TargetFramework=net9.0-windows10.0.19041.0]
C:\Users\ACER\Desktop\Application Development Coursework\journal\myjournal\ViewModels\ExportViewModel.cs(20,22): warning MVVMTK0045: The field myjournal.ViewModels.ExportViewModel._endDate using [ObservableProperty] will generate code that is not AOT compatible in WinRT scenarios (such as UWP XAML and WinUI 3 apps), and a partial property should be used instead (as it allows the CsWinRT generators to correctly produce the necessary WinRT marshalling code) (https://aka.ms/mvvmtoolkit/errors/mvvmtk0045) [C:\Users\ACER\Desktop\Application Development Coursework\journal\myjournal\myjournal.csproj::TargetFramework=net9.0-windows10.0.19041.0]
C:\Users\ACER\Desktop\Application Development Coursework\journal\myjournal\ViewModels\ExportViewModel.cs(26,17): warning MVVMTK0045: The field myjournal.ViewModels.ExportViewModel._entryCount using [ObservableProperty] will generate code that is not AOT compatible in WinRT scenarios (such as UWP XAML and WinUI 3 apps), and a partial property should be used instead (as it allows the CsWinRT generators to correctly produce the necessary WinRT marshalling code) (https://aka.ms/mvvmtoolkit/errors/mvvmtk0045) [C:\Users\ACER\Desktop\Application Development Coursework\journal\myjournal\myjournal.csproj::TargetFramework=net9.0-windows10.0.19041.0]
C:\Users\ACER\Desktop\Application Development Coursework\journal\myjournal\ViewModels\ExportViewModel.cs(29,21): warning MVVMTK0045: The field myjournal.ViewModels.ExportViewModel._exportedFilePath using [ObservableProperty] will generate code that is not AOT compatible in WinRT scenarios (such as UWP XAML and WinUI 3 apps), and a partial property should be used instead (as it allows the CsWinRT generators to correctly produce the necessary WinRT marshalling code) (https://aka.ms/mvvmtoolkit/errors/mvvmtk0045) [C:\Users\ACER\Desktop\Application Development Coursework\journal\myjournal\myjournal.csproj::TargetFramework=net9.0-windows10.0.19041.0]
C:\Users\ACER\Desktop\Application Development Coursework\journal\myjournal\ViewModels\ExportViewModel.cs(32,18): warning MVVMTK0045: The field myjournal.ViewModels.ExportViewModel._isExporting using [ObservableProperty] will generate code that is not AOT compatible in WinRT scenarios (such as UWP XAML and WinUI 3 apps), and a partial property should be used instead (as it allows the CsWinRT generators to correctly produce the necessary WinRT marshalling code) (https://aka.ms/mvvmtoolkit/errors/mvvmtk0045) [C:\Users\ACER\Desktop\Application Development Coursework\journal\myjournal\myjournal.csproj::TargetFramework=net9.0-windows10.0.19041.0]
C:\Users\ACER\Desktop\Application Development Coursework\journal\myjournal\ViewModels\ExportViewModel.cs(35,18): warning MVVMTK0045: The field myjournal.ViewModels.ExportViewModel._exportSuccess using [ObservableProperty] will generate code that is not AOT compatible in WinRT scenarios (such as UWP XAML and WinUI 3 apps), and a partial property should be used instead (as it allows the CsWinRT generators to correctly produce the necessary WinRT marshalling code) (https://aka.ms/mvvmtoolkit/errors/mvvmtk0045) [C:\Users\ACER\Desktop\Application Development Coursework\journal\myjournal\myjournal.csproj::TargetFramework=net9.0-windows10.0.19041.0]
  myjournal -> C:\Users\ACER\Desktop\Application Development Coursework\journal\myjournal\bin\Debug\net9.0-windows10.0.19041.0\win10-x64\myjournal.dll
C:\Program Files\dotnet\packs\Microsoft.Android.Sdk.Windows\35.0.78\tools\Xamarin.Android.Common.targets(2207,2): warning XA0141: Android 16 will require 16 KB page sizes, shared library 'libQuestPdfSkia.so' does not have a 16 KB page size. Please inform the authors of the NuGet package 'QuestPDF' version '2024.12.3' which contains 'runtimes/linux-arm64/native/libQuestPdfSkia.so'. See https://developer.android.com/guide/practices/page-sizes for more details. [C:\Users\ACER\Desktop\Application Development Coursework\journal\myjournal\myjournal.csproj::TargetFramework=net9.0-android]
C:\Program Files\dotnet\packs\Microsoft.Android.Sdk.Windows\35.0.78\tools\Xamarin.Android.Common.targets(2207,2): warning XA0141: Android 16 will require 16 KB page sizes, shared library 'libqpdf.so' does not have a 16 KB page size. Please inform the authors of the NuGet package 'QuestPDF' version '2024.12.3' which contains 'runtimes/linux-arm64/native/libqpdf.so'. See https://developer.android.com/guide/practices/page-sizes for more details. [C:\Users\ACER\Desktop\Application Development Coursework\journal\myjournal\myjournal.csproj::TargetFramework=net9.0-android]
C:\Program Files\dotnet\packs\Microsoft.Android.Sdk.Windows\35.0.78\tools\Xamarin.Android.Common.targets(2207,2): warning XA0141: Android 16 will require 16 KB page sizes, shared library 'libQuestPdfSkia.so' does not have a 16 KB page size. Please inform the authors of the NuGet package 'QuestPDF' version '2024.12.3' which contains 'runtimes/linux-x64/native/libQuestPdfSkia.so'. See https://developer.android.com/guide/practices/page-sizes for more details. [C:\Users\ACER\Desktop\Application Development Coursework\journal\myjournal\myjournal.csproj::TargetFramework=net9.0-android]
C:\Program Files\dotnet\packs\Microsoft.Android.Sdk.Windows\35.0.78\tools\Xamarin.Android.Common.targets(2207,2): warning XA0141: Android 16 will require 16 KB page sizes, shared library 'libqpdf.so' does not have a 16 KB page size. Please inform the authors of the NuGet package 'QuestPDF' version '2024.12.3' which contains 'runtimes/linux-x64/native/libqpdf.so'. See https://developer.android.com/guide/practices/page-sizes for more details. [C:\Users\ACER\Desktop\Application Development Coursework\journal\myjournal\myjournal.csproj::TargetFramework=net9.0-android]

Build succeeded.

C:\Users\ACER\Desktop\Application Development Coursework\journal\myjournal\ViewModels\AnalyticsViewModel.cs(20,28): warning MVVMTK0045: The field myjournal.ViewModels.AnalyticsViewModel._tagUsage using [ObservableProperty] will generate code that is not AOT compatible in WinRT scenarios (such as UWP XAML and WinUI 3 apps), and a partial property should be used instead (as it allows the CsWinRT generators to correctly produce the necessary WinRT marshalling code) (https://aka.ms/mvvmtoolkit/errors/mvvmtk0045) [C:\Users\ACER\Desktop\Application Development Coursework\journal\myjournal\myjournal.csproj::TargetFramework=net9.0-windows10.0.19041.0]
C:\Users\ACER\Desktop\Application Development Coursework\journal\myjournal\ViewModels\AnalyticsViewModel.cs(32,17): warning MVVMTK0045: The field myjournal.ViewModels.AnalyticsViewModel._totalWordCount using [ObservableProperty] will generate code that is not AOT compatible in WinRT scenarios (such as UWP XAML and WinUI 3 apps), and a partial property should be used instead (as it allows the CsWinRT generators to correctly produce the necessary WinRT marshalling code) (https://aka.ms/mvvmtoolkit/errors/mvvmtk0045) [C:\Users\ACER\Desktop\Application Development Coursework\journal\myjournal\myjournal.csproj::TargetFramework=net9.0-windows10.0.19041.0]
C:\Users\ACER\Desktop\Application Development Coursework\journal\myjournal\ViewModels\AnalyticsViewModel.cs(26,32): warning MVVMTK0045: The field myjournal.ViewModels.AnalyticsViewModel._monthlyStats using [ObservableProperty] will generate code that is not AOT compatible in WinRT scenarios (such as UWP XAML and WinUI 3 apps), and a partial property should be used instead (as it allows the CsWinRT generators to correctly produce the necessary WinRT marshalling code) (https://aka.ms/mvvmtoolkit/errors/mvvmtk0045) [C:\Users\ACER\Desktop\Application Development Coursework\journal\myjournal\myjournal.csproj::TargetFramework=net9.0-windows10.0.19041.0]
C:\Users\ACER\Desktop\Application Development Coursework\journal\myjournal\ViewModels\AnalyticsViewModel.cs(17,36): warning MVVMTK0045: The field myjournal.ViewModels.AnalyticsViewModel._moodDistribution using [ObservableProperty] will generate code that is not AOT compatible in WinRT scenarios (such as UWP XAML and WinUI 3 apps), and a partial property should be used instead (as it allows the CsWinRT generators to correctly produce the necessary WinRT marshalling code) (https://aka.ms/mvvmtoolkit/errors/mvvmtk0045) [C:\Users\ACER\Desktop\Application Development Coursework\journal\myjournal\myjournal.csproj::TargetFramework=net9.0-windows10.0.19041.0]
C:\Users\ACER\Desktop\Application Development Coursework\journal\myjournal\ViewModels\AnalyticsViewModel.cs(29,24): warning MVVMTK0045: The field myjournal.ViewModels.AnalyticsViewModel._streakInfo using [ObservableProperty] will generate code that is not AOT compatible in WinRT scenarios (such as UWP XAML and WinUI 3 apps), and a partial property should be used instead (as it allows the CsWinRT generators to correctly produce the necessary WinRT marshalling code) (https://aka.ms/mvvmtoolkit/errors/mvvmtk0045) [C:\Users\ACER\Desktop\Application Development Coursework\journal\myjournal\myjournal.csproj::TargetFramework=net9.0-windows10.0.19041.0]
C:\Users\ACER\Desktop\Application Development Coursework\journal\myjournal\ViewModels\AnalyticsViewModel.cs(23,34): warning MVVMTK0045: The field myjournal.ViewModels.AnalyticsViewModel._wordCountTrend using [ObservableProperty] will generate code that is not AOT compatible in WinRT scenarios (such as UWP XAML and WinUI 3 apps), and a partial property should be used instead (as it allows the CsWinRT generators to correctly produce the necessary WinRT marshalling code) (https://aka.ms/mvvmtoolkit/errors/mvvmtk0045) [C:\Users\ACER\Desktop\Application Development Coursework\journal\myjournal\myjournal.csproj::TargetFramework=net9.0-windows10.0.19041.0]
C:\Users\ACER\Desktop\Application Development Coursework\journal\myjournal\ViewModels\AnalyticsViewModel.cs(35,20): warning MVVMTK0045: The field myjournal.ViewModels.AnalyticsViewModel._averageWordCount using [ObservableProperty] will generate code that is not AOT compatible in WinRT scenarios (such as UWP XAML and WinUI 3 apps), and a partial property should be used instead (as it allows the CsWinRT generators to correctly produce the necessary WinRT marshalling code) (https://aka.ms/mvvmtoolkit/errors/mvvmtk0045) [C:\Users\ACER\Desktop\Application Development Coursework\journal\myjournal\myjournal.csproj::TargetFramework=net9.0-windows10.0.19041.0]
C:\Users\ACER\Desktop\Application Development Coursework\journal\myjournal\ViewModels\AnalyticsViewModel.cs(38,23): warning MVVMTK0045: The field myjournal.ViewModels.AnalyticsViewModel._mostFrequentMood using [ObservableProperty] will generate code that is not AOT compatible in WinRT scenarios (such as UWP XAML and WinUI 3 apps), and a partial property should be used instead (as it allows the CsWinRT generators to correctly produce the necessary WinRT marshalling code) (https://aka.ms/mvvmtoolkit/errors/mvvmtk0045) [C:\Users\ACER\Desktop\Application Development Coursework\journal\myjournal\myjournal.csproj::TargetFramework=net9.0-windows10.0.19041.0]
C:\Users\ACER\Desktop\Application Development Coursework\journal\myjournal\ViewModels\BaseViewModel.cs(17,21): warning MVVMTK0045: The field myjournal.ViewModels.BaseViewModel._errorMessage using [ObservableProperty] will generate code that is not AOT compatible in WinRT scenarios (such as UWP XAML and WinUI 3 apps), and a partial property should be used instead (as it allows the CsWinRT generators to correctly produce the necessary WinRT marshalling code) (https://aka.ms/mvvmtoolkit/errors/mvvmtk0045) [C:\Users\ACER\Desktop\Application Development Coursework\journal\myjournal\myjournal.csproj::TargetFramework=net9.0-windows10.0.19041.0]
C:\Users\ACER\Desktop\Application Development Coursework\journal\myjournal\ViewModels\BaseViewModel.cs(20,18): warning MVVMTK0045: The field myjournal.ViewModels.BaseViewModel._hasError using [ObservableProperty] will generate code that is not AOT compatible in WinRT scenarios (such as UWP XAML and WinUI 3 apps), and a partial property should be used instead (as it allows the CsWinRT generators to correctly produce the necessary WinRT marshalling code) (https://aka.ms/mvvmtoolkit/errors/mvvmtk0045) [C:\Users\ACER\Desktop\Application Development Coursework\journal\myjournal\myjournal.csproj::TargetFramework=net9.0-windows10.0.19041.0]
C:\Users\ACER\Desktop\Application Development Coursework\journal\myjournal\ViewModels\BaseViewModel.cs(11,18): warning MVVMTK0045: The field myjournal.ViewModels.BaseViewModel._isBusy using [ObservableProperty] will generate code that is not AOT compatible in WinRT scenarios (such as UWP XAML and WinUI 3 apps), and a partial property should be used instead (as it allows the CsWinRT generators to correctly produce the necessary WinRT marshalling code) (https://aka.ms/mvvmtoolkit/errors/mvvmtk0045) [C:\Users\ACER\Desktop\Application Development Coursework\journal\myjournal\myjournal.csproj::TargetFramework=net9.0-windows10.0.19041.0]
C:\Users\ACER\Desktop\Application Development Coursework\journal\myjournal\ViewModels\BaseViewModel.cs(14,20): warning MVVMTK0045: The field myjournal.ViewModels.BaseViewModel._title using [ObservableProperty] will generate code that is not AOT compatible in WinRT scenarios (such as UWP XAML and WinUI 3 apps), and a partial property should be used instead (as it allows the CsWinRT generators to correctly produce the necessary WinRT marshalling code) (https://aka.ms/mvvmtoolkit/errors/mvvmtk0045) [C:\Users\ACER\Desktop\Application Development Coursework\journal\myjournal\myjournal.csproj::TargetFramework=net9.0-windows10.0.19041.0]
C:\Users\ACER\Desktop\Application Development Coursework\journal\myjournal\ViewModels\LoginViewModel.cs(15,20): warning MVVMTK0045: The field myjournal.ViewModels.LoginViewModel._pin using [ObservableProperty] will generate code that is not AOT compatible in WinRT scenarios (such as UWP XAML and WinUI 3 apps), and a partial property should be used instead (as it allows the CsWinRT generators to correctly produce the necessary WinRT marshalling code) (https://aka.ms/mvvmtoolkit/errors/mvvmtk0045) [C:\Users\ACER\Desktop\Application Development Coursework\journal\myjournal\myjournal.csproj::TargetFramework=net9.0-windows10.0.19041.0]
C:\Users\ACER\Desktop\Application Development Coursework\journal\myjournal\ViewModels\LoginViewModel.cs(21,18): warning MVVMTK0045: The field myjournal.ViewModels.LoginViewModel._isPinRequired using [ObservableProperty] will generate code that is not AOT compatible in WinRT scenarios (such as UWP XAML and WinUI 3 apps), and a partial property should be used instead (as it allows the CsWinRT generators to correctly produce the necessary WinRT marshalling code) (https://aka.ms/mvvmtoolkit/errors/mvvmtk0045) [C:\Users\ACER\Desktop\Application Development Coursework\journal\myjournal\myjournal.csproj::TargetFramework=net9.0-windows10.0.19041.0]
C:\Users\ACER\Desktop\Application Development Coursework\journal\myjournal\ViewModels\LoginViewModel.cs(18,18): warning MVVMTK0045: The field myjournal.ViewModels.LoginViewModel._isAuthenticated using [ObservableProperty] will generate code that is not AOT compatible in WinRT scenarios (such as UWP XAML and WinUI 3 apps), and a partial property should be used instead (as it allows the CsWinRT generators to correctly produce the necessary WinRT marshalling code) (https://aka.ms/mvvmtoolkit/errors/mvvmtk0045) [C:\Users\ACER\Desktop\Application Development Coursework\journal\myjournal\myjournal.csproj::TargetFramework=net9.0-windows10.0.19041.0]
C:\Users\ACER\Desktop\Application Development Coursework\journal\myjournal\ViewModels\DashboardViewModel.cs(18,24): warning MVVMTK0045: The field myjournal.ViewModels.DashboardViewModel._streakInfo using [ObservableProperty] will generate code that is not AOT compatible in WinRT scenarios (such as UWP XAML and WinUI 3 apps), and a partial property should be used instead (as it allows the CsWinRT generators to correctly produce the necessary WinRT marshalling code) (https://aka.ms/mvvmtoolkit/errors/mvvmtk0045) [C:\Users\ACER\Desktop\Application Development Coursework\journal\myjournal\myjournal.csproj::TargetFramework=net9.0-windows10.0.19041.0]
C:\Users\ACER\Desktop\Application Development Coursework\journal\myjournal\ViewModels\DashboardViewModel.cs(30,17): warning MVVMTK0045: The field myjournal.ViewModels.DashboardViewModel._totalEntries using [ObservableProperty] will generate code that is not AOT compatible in WinRT scenarios (such as UWP XAML and WinUI 3 apps), and a partial property should be used instead (as it allows the CsWinRT generators to correctly produce the necessary WinRT marshalling code) (https://aka.ms/mvvmtoolkit/errors/mvvmtk0045) [C:\Users\ACER\Desktop\Application Development Coursework\journal\myjournal\myjournal.csproj::TargetFramework=net9.0-windows10.0.19041.0]
C:\Users\ACER\Desktop\Application Development Coursework\journal\myjournal\ViewModels\DashboardViewModel.cs(21,32): warning MVVMTK0045: The field myjournal.ViewModels.DashboardViewModel._recentEntries using [ObservableProperty] will generate code that is not AOT compatible in WinRT scenarios (such as UWP XAML and WinUI 3 apps), and a partial property should be used instead (as it allows the CsWinRT generators to correctly produce the necessary WinRT marshalling code) (https://aka.ms/mvvmtoolkit/errors/mvvmtk0045) [C:\Users\ACER\Desktop\Application Development Coursework\journal\myjournal\myjournal.csproj::TargetFramework=net9.0-windows10.0.19041.0]
C:\Users\ACER\Desktop\Application Development Coursework\journal\myjournal\ViewModels\DashboardViewModel.cs(24,27): warning MVVMTK0045: The field myjournal.ViewModels.DashboardViewModel._todayEntry using [ObservableProperty] will generate code that is not AOT compatible in WinRT scenarios (such as UWP XAML and WinUI 3 apps), and a partial property should be used instead (as it allows the CsWinRT generators to correctly produce the necessary WinRT marshalling code) (https://aka.ms/mvvmtoolkit/errors/mvvmtk0045) [C:\Users\ACER\Desktop\Application Development Coursework\journal\myjournal\myjournal.csproj::TargetFramework=net9.0-windows10.0.19041.0]
C:\Users\ACER\Desktop\Application Development Coursework\journal\myjournal\ViewModels\DashboardViewModel.cs(33,17): warning MVVMTK0045: The field myjournal.ViewModels.DashboardViewModel._totalWords using [ObservableProperty] will generate code that is not AOT compatible in WinRT scenarios (such as UWP XAML and WinUI 3 apps), and a partial property should be used instead (as it allows the CsWinRT generators to correctly produce the necessary WinRT marshalling code) (https://aka.ms/mvvmtoolkit/errors/mvvmtk0045) [C:\Users\ACER\Desktop\Application Development Coursework\journal\myjournal\myjournal.csproj::TargetFramework=net9.0-windows10.0.19041.0]
C:\Users\ACER\Desktop\Application Development Coursework\journal\myjournal\ViewModels\DashboardViewModel.cs(27,36): warning MVVMTK0045: The field myjournal.ViewModels.DashboardViewModel._moodDistribution using [ObservableProperty] will generate code that is not AOT compatible in WinRT scenarios (such as UWP XAML and WinUI 3 apps), and a partial property should be used instead (as it allows the CsWinRT generators to correctly produce the necessary WinRT marshalling code) (https://aka.ms/mvvmtoolkit/errors/mvvmtk0045) [C:\Users\ACER\Desktop\Application Development Coursework\journal\myjournal\myjournal.csproj::TargetFramework=net9.0-windows10.0.19041.0]
C:\Users\ACER\Desktop\Application Development Coursework\journal\myjournal\ViewModels\DashboardViewModel.cs(36,23): warning MVVMTK0045: The field myjournal.ViewModels.DashboardViewModel._mostFrequentMood using [ObservableProperty] will generate code that is not AOT compatible in WinRT scenarios (such as UWP XAML and WinUI 3 apps), and a partial property should be used instead (as it allows the CsWinRT generators to correctly produce the necessary WinRT marshalling code) (https://aka.ms/mvvmtoolkit/errors/mvvmtk0045) [C:\Users\ACER\Desktop\Application Development Coursework\journal\myjournal\myjournal.csproj::TargetFramework=net9.0-windows10.0.19041.0]
C:\Users\ACER\Desktop\Application Development Coursework\journal\myjournal\ViewModels\CalendarViewModel.cs(16,17): warning MVVMTK0045: The field myjournal.ViewModels.CalendarViewModel._currentYear using [ObservableProperty] will generate code that is not AOT compatible in WinRT scenarios (such as UWP XAML and WinUI 3 apps), and a partial property should be used instead (as it allows the CsWinRT generators to correctly produce the necessary WinRT marshalling code) (https://aka.ms/mvvmtoolkit/errors/mvvmtk0045) [C:\Users\ACER\Desktop\Application Development Coursework\journal\myjournal\myjournal.csproj::TargetFramework=net9.0-windows10.0.19041.0]
C:\Users\ACER\Desktop\Application Development Coursework\journal\myjournal\ViewModels\CalendarViewModel.cs(19,17): warning MVVMTK0045: The field myjournal.ViewModels.CalendarViewModel._currentMonth using [ObservableProperty] will generate code that is not AOT compatible in WinRT scenarios (such as UWP XAML and WinUI 3 apps), and a partial property should be used instead (as it allows the CsWinRT generators to correctly produce the necessary WinRT marshalling code) (https://aka.ms/mvvmtoolkit/errors/mvvmtk0045) [C:\Users\ACER\Desktop\Application Development Coursework\journal\myjournal\myjournal.csproj::TargetFramework=net9.0-windows10.0.19041.0]
C:\Users\ACER\Desktop\Application Development Coursework\journal\myjournal\ViewModels\CalendarViewModel.cs(22,20): warning MVVMTK0045: The field myjournal.ViewModels.CalendarViewModel._monthYearDisplay using [ObservableProperty] will generate code that is not AOT compatible in WinRT scenarios (such as UWP XAML and WinUI 3 apps), and a partial property should be used instead (as it allows the CsWinRT generators to correctly produce the necessary WinRT marshalling code) (https://aka.ms/mvvmtoolkit/errors/mvvmtk0045) [C:\Users\ACER\Desktop\Application Development Coursework\journal\myjournal\myjournal.csproj::TargetFramework=net9.0-windows10.0.19041.0]
C:\Users\ACER\Desktop\Application Development Coursework\journal\myjournal\ViewModels\CalendarViewModel.cs(28,27): warning MVVMTK0045: The field myjournal.ViewModels.CalendarViewModel._selectedEntry using [ObservableProperty] will generate code that is not AOT compatible in WinRT scenarios (such as UWP XAML and WinUI 3 apps), and a partial property should be used instead (as it allows the CsWinRT generators to correctly produce the necessary WinRT marshalling code) (https://aka.ms/mvvmtoolkit/errors/mvvmtk0045) [C:\Users\ACER\Desktop\Application Development Coursework\journal\myjournal\myjournal.csproj::TargetFramework=net9.0-windows10.0.19041.0]
C:\Users\ACER\Desktop\Application Development Coursework\journal\myjournal\ViewModels\CalendarViewModel.cs(25,31): warning MVVMTK0045: The field myjournal.ViewModels.CalendarViewModel._calendarDays using [ObservableProperty] will generate code that is not AOT compatible in WinRT scenarios (such as UWP XAML and WinUI 3 apps), and a partial property should be used instead (as it allows the CsWinRT generators to correctly produce the necessary WinRT marshalling code) (https://aka.ms/mvvmtoolkit/errors/mvvmtk0045) [C:\Users\ACER\Desktop\Application Development Coursework\journal\myjournal\myjournal.csproj::TargetFramework=net9.0-windows10.0.19041.0]
C:\Users\ACER\Desktop\Application Development Coursework\journal\myjournal\ViewModels\CalendarViewModel.cs(31,23): warning MVVMTK0045: The field myjournal.ViewModels.CalendarViewModel._selectedDate using [ObservableProperty] will generate code that is not AOT compatible in WinRT scenarios (such as UWP XAML and WinUI 3 apps), and a partial property should be used instead (as it allows the CsWinRT generators to correctly produce the necessary WinRT marshalling code) (https://aka.ms/mvvmtoolkit/errors/mvvmtk0045) [C:\Users\ACER\Desktop\Application Development Coursework\journal\myjournal\myjournal.csproj::TargetFramework=net9.0-windows10.0.19041.0]
C:\Users\ACER\Desktop\Application Development Coursework\journal\myjournal\ViewModels\EntryViewModel.cs(17,26): warning MVVMTK0045: The field myjournal.ViewModels.EntryViewModel._entry using [ObservableProperty] will generate code that is not AOT compatible in WinRT scenarios (such as UWP XAML and WinUI 3 apps), and a partial property should be used instead (as it allows the CsWinRT generators to correctly produce the necessary WinRT marshalling code) (https://aka.ms/mvvmtoolkit/errors/mvvmtk0045) [C:\Users\ACER\Desktop\Application Development Coursework\journal\myjournal\myjournal.csproj::TargetFramework=net9.0-windows10.0.19041.0]
C:\Users\ACER\Desktop\Application Development Coursework\journal\myjournal\ViewModels\EntryViewModel.cs(23,20): warning MVVMTK0045: The field myjournal.ViewModels.EntryViewModel._content using [ObservableProperty] will generate code that is not AOT compatible in WinRT scenarios (such as UWP XAML and WinUI 3 apps), and a partial property should be used instead (as it allows the CsWinRT generators to correctly produce the necessary WinRT marshalling code) (https://aka.ms/mvvmtoolkit/errors/mvvmtk0045) [C:\Users\ACER\Desktop\Application Development Coursework\journal\myjournal\myjournal.csproj::TargetFramework=net9.0-windows10.0.19041.0]
C:\Users\ACER\Desktop\Application Development Coursework\journal\myjournal\ViewModels\EntryViewModel.cs(50,20): warning MVVMTK0045: The field myjournal.ViewModels.EntryViewModel._markdownPreview using [ObservableProperty] will generate code that is not AOT compatible in WinRT scenarios (such as UWP XAML and WinUI 3 apps), and a partial property should be used instead (as it allows the CsWinRT generators to correctly produce the necessary WinRT marshalling code) (https://aka.ms/mvvmtoolkit/errors/mvvmtk0045) [C:\Users\ACER\Desktop\Application Development Coursework\journal\myjournal\myjournal.csproj::TargetFramework=net9.0-windows10.0.19041.0]
C:\Users\ACER\Desktop\Application Development Coursework\journal\myjournal\ViewModels\EntryViewModel.cs(26,22): warning MVVMTK0045: The field myjournal.ViewModels.EntryViewModel._entryDate using [ObservableProperty] will generate code that is not AOT compatible in WinRT scenarios (such as UWP XAML and WinUI 3 apps), and a partial property should be used instead (as it allows the CsWinRT generators to correctly produce the necessary WinRT marshalling code) (https://aka.ms/mvvmtoolkit/errors/mvvmtk0045) [C:\Users\ACER\Desktop\Application Development Coursework\journal\myjournal\myjournal.csproj::TargetFramework=net9.0-windows10.0.19041.0]
C:\Users\ACER\Desktop\Application Development Coursework\journal\myjournal\ViewModels\EntryViewModel.cs(20,20): warning MVVMTK0045: The field myjournal.ViewModels.EntryViewModel._title using [ObservableProperty] will generate code that is not AOT compatible in WinRT scenarios (such as UWP XAML and WinUI 3 apps), and a partial property should be used instead (as it allows the CsWinRT generators to correctly produce the necessary WinRT marshalling code) (https://aka.ms/mvvmtoolkit/errors/mvvmtk0045) [C:\Users\ACER\Desktop\Application Development Coursework\journal\myjournal\myjournal.csproj::TargetFramework=net9.0-windows10.0.19041.0]
C:\Users\ACER\Desktop\Application Development Coursework\journal\myjournal\ViewModels\EntryViewModel.cs(29,22): warning MVVMTK0045: The field myjournal.ViewModels.EntryViewModel._primaryMood using [ObservableProperty] will generate code that is not AOT compatible in WinRT scenarios (such as UWP XAML and WinUI 3 apps), and a partial property should be used instead (as it allows the CsWinRT generators to correctly produce the necessary WinRT marshalling code) (https://aka.ms/mvvmtoolkit/errors/mvvmtk0045) [C:\Users\ACER\Desktop\Application Development Coursework\journal\myjournal\myjournal.csproj::TargetFramework=net9.0-windows10.0.19041.0]
C:\Users\ACER\Desktop\Application Development Coursework\journal\myjournal\ViewModels\EntryViewModel.cs(41,23): warning MVVMTK0045: The field myjournal.ViewModels.EntryViewModel._selectedTags using [ObservableProperty] will generate code that is not AOT compatible in WinRT scenarios (such as UWP XAML and WinUI 3 apps), and a partial property should be used instead (as it allows the CsWinRT generators to correctly produce the necessary WinRT marshalling code) (https://aka.ms/mvvmtoolkit/errors/mvvmtk0045) [C:\Users\ACER\Desktop\Application Development Coursework\journal\myjournal\myjournal.csproj::TargetFramework=net9.0-windows10.0.19041.0]
C:\Users\ACER\Desktop\Application Development Coursework\journal\myjournal\ViewModels\EntryViewModel.cs(35,23): warning MVVMTK0045: The field myjournal.ViewModels.EntryViewModel._secondaryMood2 using [ObservableProperty] will generate code that is not AOT compatible in WinRT scenarios (such as UWP XAML and WinUI 3 apps), and a partial property should be used instead (as it allows the CsWinRT generators to correctly produce the necessary WinRT marshalling code) (https://aka.ms/mvvmtoolkit/errors/mvvmtk0045) [C:\Users\ACER\Desktop\Application Development Coursework\journal\myjournal\myjournal.csproj::TargetFramework=net9.0-windows10.0.19041.0]
C:\Users\ACER\Desktop\Application Development Coursework\journal\myjournal\ViewModels\EntryViewModel.cs(32,23): warning MVVMTK0045: The field myjournal.ViewModels.EntryViewModel._secondaryMood1 using [ObservableProperty] will generate code that is not AOT compatible in WinRT scenarios (such as UWP XAML and WinUI 3 apps), and a partial property should be used instead (as it allows the CsWinRT generators to correctly produce the necessary WinRT marshalling code) (https://aka.ms/mvvmtoolkit/errors/mvvmtk0045) [C:\Users\ACER\Desktop\Application Development Coursework\journal\myjournal\myjournal.csproj::TargetFramework=net9.0-windows10.0.19041.0]
C:\Users\ACER\Desktop\Application Development Coursework\journal\myjournal\ViewModels\EntryViewModel.cs(38,23): warning MVVMTK0045: The field myjournal.ViewModels.EntryViewModel._availableTags using [ObservableProperty] will generate code that is not AOT compatible in WinRT scenarios (such as UWP XAML and WinUI 3 apps), and a partial property should be used instead (as it allows the CsWinRT generators to correctly produce the necessary WinRT marshalling code) (https://aka.ms/mvvmtoolkit/errors/mvvmtk0045) [C:\Users\ACER\Desktop\Application Development Coursework\journal\myjournal\myjournal.csproj::TargetFramework=net9.0-windows10.0.19041.0]
C:\Users\ACER\Desktop\Application Development Coursework\journal\myjournal\ViewModels\EntryViewModel.cs(44,18): warning MVVMTK0045: The field myjournal.ViewModels.EntryViewModel._isEditing using [ObservableProperty] will generate code that is not AOT compatible in WinRT scenarios (such as UWP XAML and WinUI 3 apps), and a partial property should be used instead (as it allows the CsWinRT generators to correctly produce the necessary WinRT marshalling code) (https://aka.ms/mvvmtoolkit/errors/mvvmtk0045) [C:\Users\ACER\Desktop\Application Development Coursework\journal\myjournal\myjournal.csproj::TargetFramework=net9.0-windows10.0.19041.0]
C:\Users\ACER\Desktop\Application Development Coursework\journal\myjournal\ViewModels\EntryViewModel.cs(47,18): warning MVVMTK0045: The field myjournal.ViewModels.EntryViewModel._isSaved using [ObservableProperty] will generate code that is not AOT compatible in WinRT scenarios (such as UWP XAML and WinUI 3 apps), and a partial property should be used instead (as it allows the CsWinRT generators to correctly produce the necessary WinRT marshalling code) (https://aka.ms/mvvmtoolkit/errors/mvvmtk0045) [C:\Users\ACER\Desktop\Application Development Coursework\journal\myjournal\myjournal.csproj::TargetFramework=net9.0-windows10.0.19041.0]
C:\Users\ACER\Desktop\Application Development Coursework\journal\myjournal\ViewModels\JournalListViewModel.cs(20,17): warning MVVMTK0045: The field myjournal.ViewModels.JournalListViewModel._currentPage using [ObservableProperty] will generate code that is not AOT compatible in WinRT scenarios (such as UWP XAML and WinUI 3 apps), and a partial property should be used instead (as it allows the CsWinRT generators to correctly produce the necessary WinRT marshalling code) (https://aka.ms/mvvmtoolkit/errors/mvvmtk0045) [C:\Users\ACER\Desktop\Application Development Coursework\journal\myjournal\myjournal.csproj::TargetFramework=net9.0-windows10.0.19041.0]
C:\Users\ACER\Desktop\Application Development Coursework\journal\myjournal\ViewModels\JournalListViewModel.cs(17,32): warning MVVMTK0045: The field myjournal.ViewModels.JournalListViewModel._entries using [ObservableProperty] will generate code that is not AOT compatible in WinRT scenarios (such as UWP XAML and WinUI 3 apps), and a partial property should be used instead (as it allows the CsWinRT generators to correctly produce the necessary WinRT marshalling code) (https://aka.ms/mvvmtoolkit/errors/mvvmtk0045) [C:\Users\ACER\Desktop\Application Development Coursework\journal\myjournal\myjournal.csproj::TargetFramework=net9.0-windows10.0.19041.0]
C:\Users\ACER\Desktop\Application Development Coursework\journal\myjournal\ViewModels\JournalListViewModel.cs(26,17): warning MVVMTK0045: The field myjournal.ViewModels.JournalListViewModel._totalEntries using [ObservableProperty] will generate code that is not AOT compatible in WinRT scenarios (such as UWP XAML and WinUI 3 apps), and a partial property should be used instead (as it allows the CsWinRT generators to correctly produce the necessary WinRT marshalling code) (https://aka.ms/mvvmtoolkit/errors/mvvmtk0045) [C:\Users\ACER\Desktop\Application Development Coursework\journal\myjournal\myjournal.csproj::TargetFramework=net9.0-windows10.0.19041.0]
C:\Users\ACER\Desktop\Application Development Coursework\journal\myjournal\ViewModels\JournalListViewModel.cs(23,17): warning MVVMTK0045: The field myjournal.ViewModels.JournalListViewModel._totalPages using [ObservableProperty] will generate code that is not AOT compatible in WinRT scenarios (such as UWP XAML and WinUI 3 apps), and a partial property should be used instead (as it allows the CsWinRT generators to correctly produce the necessary WinRT marshalling code) (https://aka.ms/mvvmtoolkit/errors/mvvmtk0045) [C:\Users\ACER\Desktop\Application Development Coursework\journal\myjournal\myjournal.csproj::TargetFramework=net9.0-windows10.0.19041.0]
C:\Users\ACER\Desktop\Application Development Coursework\journal\myjournal\ViewModels\JournalListViewModel.cs(32,20): warning MVVMTK0045: The field myjournal.ViewModels.JournalListViewModel._searchTerm using [ObservableProperty] will generate code that is not AOT compatible in WinRT scenarios (such as UWP XAML and WinUI 3 apps), and a partial property should be used instead (as it allows the CsWinRT generators to correctly produce the necessary WinRT marshalling code) (https://aka.ms/mvvmtoolkit/errors/mvvmtk0045) [C:\Users\ACER\Desktop\Application Development Coursework\journal\myjournal\myjournal.csproj::TargetFramework=net9.0-windows10.0.19041.0]
C:\Users\ACER\Desktop\Application Development Coursework\journal\myjournal\ViewModels\JournalListViewModel.cs(38,18): warning MVVMTK0045: The field myjournal.ViewModels.JournalListViewModel._filterTagId using [ObservableProperty] will generate code that is not AOT compatible in WinRT scenarios (such as UWP XAML and WinUI 3 apps), and a partial property should be used instead (as it allows the CsWinRT generators to correctly produce the necessary WinRT marshalling code) (https://aka.ms/mvvmtoolkit/errors/mvvmtk0045) [C:\Users\ACER\Desktop\Application Development Coursework\journal\myjournal\myjournal.csproj::TargetFramework=net9.0-windows10.0.19041.0]
C:\Users\ACER\Desktop\Application Development Coursework\journal\myjournal\ViewModels\JournalListViewModel.cs(41,23): warning MVVMTK0045: The field myjournal.ViewModels.JournalListViewModel._filterStartDate using [ObservableProperty] will generate code that is not AOT compatible in WinRT scenarios (such as UWP XAML and WinUI 3 apps), and a partial property should be used instead (as it allows the CsWinRT generators to correctly produce the necessary WinRT marshalling code) (https://aka.ms/mvvmtoolkit/errors/mvvmtk0045) [C:\Users\ACER\Desktop\Application Development Coursework\journal\myjournal\myjournal.csproj::TargetFramework=net9.0-windows10.0.19041.0]
C:\Users\ACER\Desktop\Application Development Coursework\journal\myjournal\ViewModels\JournalListViewModel.cs(35,23): warning MVVMTK0045: The field myjournal.ViewModels.JournalListViewModel._filterMood using [ObservableProperty] will generate code that is not AOT compatible in WinRT scenarios (such as UWP XAML and WinUI 3 apps), and a partial property should be used instead (as it allows the CsWinRT generators to correctly produce the necessary WinRT marshalling code) (https://aka.ms/mvvmtoolkit/errors/mvvmtk0045) [C:\Users\ACER\Desktop\Application Development Coursework\journal\myjournal\myjournal.csproj::TargetFramework=net9.0-windows10.0.19041.0]
C:\Users\ACER\Desktop\Application Development Coursework\journal\myjournal\ViewModels\JournalListViewModel.cs(29,17): warning MVVMTK0045: The field myjournal.ViewModels.JournalListViewModel._pageSize using [ObservableProperty] will generate code that is not AOT compatible in WinRT scenarios (such as UWP XAML and WinUI 3 apps), and a partial property should be used instead (as it allows the CsWinRT generators to correctly produce the necessary WinRT marshalling code) (https://aka.ms/mvvmtoolkit/errors/mvvmtk0045) [C:\Users\ACER\Desktop\Application Development Coursework\journal\myjournal\myjournal.csproj::TargetFramework=net9.0-windows10.0.19041.0]
C:\Users\ACER\Desktop\Application Development Coursework\journal\myjournal\ViewModels\JournalListViewModel.cs(47,23): warning MVVMTK0045: The field myjournal.ViewModels.JournalListViewModel._availableTags using [ObservableProperty] will generate code that is not AOT compatible in WinRT scenarios (such as UWP XAML and WinUI 3 apps), and a partial property should be used instead (as it allows the CsWinRT generators to correctly produce the necessary WinRT marshalling code) (https://aka.ms/mvvmtoolkit/errors/mvvmtk0045) [C:\Users\ACER\Desktop\Application Development Coursework\journal\myjournal\myjournal.csproj::TargetFramework=net9.0-windows10.0.19041.0]
C:\Users\ACER\Desktop\Application Development Coursework\journal\myjournal\ViewModels\JournalListViewModel.cs(44,23): warning MVVMTK0045: The field myjournal.ViewModels.JournalListViewModel._filterEndDate using [ObservableProperty] will generate code that is not AOT compatible in WinRT scenarios (such as UWP XAML and WinUI 3 apps), and a partial property should be used instead (as it allows the CsWinRT generators to correctly produce the necessary WinRT marshalling code) (https://aka.ms/mvvmtoolkit/errors/mvvmtk0045) [C:\Users\ACER\Desktop\Application Development Coursework\journal\myjournal\myjournal.csproj::TargetFramework=net9.0-windows10.0.19041.0]
C:\Users\ACER\Desktop\Application Development Coursework\journal\myjournal\ViewModels\JournalListViewModel.cs(50,18): warning MVVMTK0045: The field myjournal.ViewModels.JournalListViewModel._hasFilters using [ObservableProperty] will generate code that is not AOT compatible in WinRT scenarios (such as UWP XAML and WinUI 3 apps), and a partial property should be used instead (as it allows the CsWinRT generators to correctly produce the necessary WinRT marshalling code) (https://aka.ms/mvvmtoolkit/errors/mvvmtk0045) [C:\Users\ACER\Desktop\Application Development Coursework\journal\myjournal\myjournal.csproj::TargetFramework=net9.0-windows10.0.19041.0]
C:\Users\ACER\Desktop\Application Development Coursework\journal\myjournal\ViewModels\SettingsViewModel.cs(16,20): warning MVVMTK0045: The field myjournal.ViewModels.SettingsViewModel._currentTheme using [ObservableProperty] will generate code that is not AOT compatible in WinRT scenarios (such as UWP XAML and WinUI 3 apps), and a partial property should be used instead (as it allows the CsWinRT generators to correctly produce the necessary WinRT marshalling code) (https://aka.ms/mvvmtoolkit/errors/mvvmtk0045) [C:\Users\ACER\Desktop\Application Development Coursework\journal\myjournal\myjournal.csproj::TargetFramework=net9.0-windows10.0.19041.0]
C:\Users\ACER\Desktop\Application Development Coursework\journal\myjournal\ViewModels\SettingsViewModel.cs(19,18): warning MVVMTK0045: The field myjournal.ViewModels.SettingsViewModel._isPinEnabled using [ObservableProperty] will generate code that is not AOT compatible in WinRT scenarios (such as UWP XAML and WinUI 3 apps), and a partial property should be used instead (as it allows the CsWinRT generators to correctly produce the necessary WinRT marshalling code) (https://aka.ms/mvvmtoolkit/errors/mvvmtk0045) [C:\Users\ACER\Desktop\Application Development Coursework\journal\myjournal\myjournal.csproj::TargetFramework=net9.0-windows10.0.19041.0]
C:\Users\ACER\Desktop\Application Development Coursework\journal\myjournal\ViewModels\SettingsViewModel.cs(25,20): warning MVVMTK0045: The field myjournal.ViewModels.SettingsViewModel._confirmPin using [ObservableProperty] will generate code that is not AOT compatible in WinRT scenarios (such as UWP XAML and WinUI 3 apps), and a partial property should be used instead (as it allows the CsWinRT generators to correctly produce the necessary WinRT marshalling code) (https://aka.ms/mvvmtoolkit/errors/mvvmtk0045) [C:\Users\ACER\Desktop\Application Development Coursework\journal\myjournal\myjournal.csproj::TargetFramework=net9.0-windows10.0.19041.0]
C:\Users\ACER\Desktop\Application Development Coursework\journal\myjournal\ViewModels\SettingsViewModel.cs(22,20): warning MVVMTK0045: The field myjournal.ViewModels.SettingsViewModel._newPin using [ObservableProperty] will generate code that is not AOT compatible in WinRT scenarios (such as UWP XAML and WinUI 3 apps), and a partial property should be used instead (as it allows the CsWinRT generators to correctly produce the necessary WinRT marshalling code) (https://aka.ms/mvvmtoolkit/errors/mvvmtk0045) [C:\Users\ACER\Desktop\Application Development Coursework\journal\myjournal\myjournal.csproj::TargetFramework=net9.0-windows10.0.19041.0]
C:\Users\ACER\Desktop\Application Development Coursework\journal\myjournal\ViewModels\SettingsViewModel.cs(28,18): warning MVVMTK0045: The field myjournal.ViewModels.SettingsViewModel._isChangingPin using [ObservableProperty] will generate code that is not AOT compatible in WinRT scenarios (such as UWP XAML and WinUI 3 apps), and a partial property should be used instead (as it allows the CsWinRT generators to correctly produce the necessary WinRT marshalling code) (https://aka.ms/mvvmtoolkit/errors/mvvmtk0045) [C:\Users\ACER\Desktop\Application Development Coursework\journal\myjournal\myjournal.csproj::TargetFramework=net9.0-windows10.0.19041.0]
C:\Users\ACER\Desktop\Application Development Coursework\journal\myjournal\ViewModels\SettingsViewModel.cs(31,20): warning MVVMTK0045: The field myjournal.ViewModels.SettingsViewModel._successMessage using [ObservableProperty] will generate code that is not AOT compatible in WinRT scenarios (such as UWP XAML and WinUI 3 apps), and a partial property should be used instead (as it allows the CsWinRT generators to correctly produce the necessary WinRT marshalling code) (https://aka.ms/mvvmtoolkit/errors/mvvmtk0045) [C:\Users\ACER\Desktop\Application Development Coursework\journal\myjournal\myjournal.csproj::TargetFramework=net9.0-windows10.0.19041.0]
C:\Users\ACER\Desktop\Application Development Coursework\journal\myjournal\ViewModels\ExportViewModel.cs(17,22): warning MVVMTK0045: The field myjournal.ViewModels.ExportViewModel._startDate using [ObservableProperty] will generate code that is not AOT compatible in WinRT scenarios (such as UWP XAML and WinUI 3 apps), and a partial property should be used instead (as it allows the CsWinRT generators to correctly produce the necessary WinRT marshalling code) (https://aka.ms/mvvmtoolkit/errors/mvvmtk0045) [C:\Users\ACER\Desktop\Application Development Coursework\journal\myjournal\myjournal.csproj::TargetFramework=net9.0-windows10.0.19041.0]
C:\Users\ACER\Desktop\Application Development Coursework\journal\myjournal\ViewModels\ExportViewModel.cs(23,32): warning MVVMTK0045: The field myjournal.ViewModels.ExportViewModel._previewEntries using [ObservableProperty] will generate code that is not AOT compatible in WinRT scenarios (such as UWP XAML and WinUI 3 apps), and a partial property should be used instead (as it allows the CsWinRT generators to correctly produce the necessary WinRT marshalling code) (https://aka.ms/mvvmtoolkit/errors/mvvmtk0045) [C:\Users\ACER\Desktop\Application Development Coursework\journal\myjournal\myjournal.csproj::TargetFramework=net9.0-windows10.0.19041.0]
C:\Users\ACER\Desktop\Application Development Coursework\journal\myjournal\ViewModels\ExportViewModel.cs(20,22): warning MVVMTK0045: The field myjournal.ViewModels.ExportViewModel._endDate using [ObservableProperty] will generate code that is not AOT compatible in WinRT scenarios (such as UWP XAML and WinUI 3 apps), and a partial property should be used instead (as it allows the CsWinRT generators to correctly produce the necessary WinRT marshalling code) (https://aka.ms/mvvmtoolkit/errors/mvvmtk0045) [C:\Users\ACER\Desktop\Application Development Coursework\journal\myjournal\myjournal.csproj::TargetFramework=net9.0-windows10.0.19041.0]
C:\Users\ACER\Desktop\Application Development Coursework\journal\myjournal\ViewModels\ExportViewModel.cs(26,17): warning MVVMTK0045: The field myjournal.ViewModels.ExportViewModel._entryCount using [ObservableProperty] will generate code that is not AOT compatible in WinRT scenarios (such as UWP XAML and WinUI 3 apps), and a partial property should be used instead (as it allows the CsWinRT generators to correctly produce the necessary WinRT marshalling code) (https://aka.ms/mvvmtoolkit/errors/mvvmtk0045) [C:\Users\ACER\Desktop\Application Development Coursework\journal\myjournal\myjournal.csproj::TargetFramework=net9.0-windows10.0.19041.0]
C:\Users\ACER\Desktop\Application Development Coursework\journal\myjournal\ViewModels\ExportViewModel.cs(29,21): warning MVVMTK0045: The field myjournal.ViewModels.ExportViewModel._exportedFilePath using [ObservableProperty] will generate code that is not AOT compatible in WinRT scenarios (such as UWP XAML and WinUI 3 apps), and a partial property should be used instead (as it allows the CsWinRT generators to correctly produce the necessary WinRT marshalling code) (https://aka.ms/mvvmtoolkit/errors/mvvmtk0045) [C:\Users\ACER\Desktop\Application Development Coursework\journal\myjournal\myjournal.csproj::TargetFramework=net9.0-windows10.0.19041.0]
C:\Users\ACER\Desktop\Application Development Coursework\journal\myjournal\ViewModels\ExportViewModel.cs(32,18): warning MVVMTK0045: The field myjournal.ViewModels.ExportViewModel._isExporting using [ObservableProperty] will generate code that is not AOT compatible in WinRT scenarios (such as UWP XAML and WinUI 3 apps), and a partial property should be used instead (as it allows the CsWinRT generators to correctly produce the necessary WinRT marshalling code) (https://aka.ms/mvvmtoolkit/errors/mvvmtk0045) [C:\Users\ACER\Desktop\Application Development Coursework\journal\myjournal\myjournal.csproj::TargetFramework=net9.0-windows10.0.19041.0]
C:\Users\ACER\Desktop\Application Development Coursework\journal\myjournal\ViewModels\ExportViewModel.cs(35,18): warning MVVMTK0045: The field myjournal.ViewModels.ExportViewModel._exportSuccess using [ObservableProperty] will generate code that is not AOT compatible in WinRT scenarios (such as UWP XAML and WinUI 3 apps), and a partial property should be used instead (as it allows the CsWinRT generators to correctly produce the necessary WinRT marshalling code) (https://aka.ms/mvvmtoolkit/errors/mvvmtk0045) [C:\Users\ACER\Desktop\Application Development Coursework\journal\myjournal\myjournal.csproj::TargetFramework=net9.0-windows10.0.19041.0]
C:\Program Files\dotnet\packs\Microsoft.Android.Sdk.Windows\35.0.78\tools\Xamarin.Android.Common.targets(2207,2): warning XA0141: Android 16 will require 16 KB page sizes, shared library 'libQuestPdfSkia.so' does not have a 16 KB page size. Please inform the authors of the NuGet package 'QuestPDF' version '2024.12.3' which contains 'runtimes/linux-arm64/native/libQuestPdfSkia.so'. See https://developer.android.com/guide/practices/page-sizes for more details. [C:\Users\ACER\Desktop\Application Development Coursework\journal\myjournal\myjournal.csproj::TargetFramework=net9.0-android]
C:\Program Files\dotnet\packs\Microsoft.Android.Sdk.Windows\35.0.78\tools\Xamarin.Android.Common.targets(2207,2): warning XA0141: Android 16 will require 16 KB page sizes, shared library 'libqpdf.so' does not have a 16 KB page size. Please inform the authors of the NuGet package 'QuestPDF' version '2024.12.3' which contains 'runtimes/linux-arm64/native/libqpdf.so'. See https://developer.android.com/guide/practices/page-sizes for more details. [C:\Users\ACER\Desktop\Application Development Coursework\journal\myjournal\myjournal.csproj::TargetFramework=net9.0-android]
C:\Program Files\dotnet\packs\Microsoft.Android.Sdk.Windows\35.0.78\tools\Xamarin.Android.Common.targets(2207,2): warning XA0141: Android 16 will require 16 KB page sizes, shared library 'libQuestPdfSkia.so' does not have a 16 KB page size. Please inform the authors of the NuGet package 'QuestPDF' version '2024.12.3' which contains 'runtimes/linux-x64/native/libQuestPdfSkia.so'. See https://developer.android.com/guide/practices/page-sizes for more details. [C:\Users\ACER\Desktop\Application Development Coursework\journal\myjournal\myjournal.csproj::TargetFramework=net9.0-android]
C:\Program Files\dotnet\packs\Microsoft.Android.Sdk.Windows\35.0.78\tools\Xamarin.Android.Common.targets(2207,2): warning XA0141: Android 16 will require 16 KB page sizes, shared library 'libqpdf.so' does not have a 16 KB page size. Please inform the authors of the NuGet package 'QuestPDF' version '2024.12.3' which contains 'runtimes/linux-x64/native/libqpdf.so'. See https://developer.android.com/guide/practices/page-sizes for more details. [C:\Users\ACER\Desktop\Application Development Coursework\journal\myjournal\myjournal.csproj::TargetFramework=net9.0-android]
    69 Warning(s)
    0 Error(s)

Time Elapsed 00:01:06.69

Workload updates are available. Run `dotnet workload list` for more information.
